make all --print-data-base --no-builtin-variables --no-builtin-rules --question
# GNU Make 4.4.1
# Built for x86_64-pc-linux-gnu
# Copyright (C) 1988-2023 Free Software Foundation, Inc.
# License GPLv3+: GNU GPL version 3 or later <https://gnu.org/licenses/gpl.html>
# This is free software: you are free to change and redistribute it.
# There is NO WARRANTY, to the extent permitted by law.

# Make data base, printed on Sun Dec  7 13:50:21 2025

# Variables

# environment
MEMORY_PRESSURE_WRITE = c29tZSAyMDAwMDAgMjAwMDAwMAA=
# environment
GDK_BACKEND = x11
# environment
NO_AT_BRIDGE = 1
# environment
GTK_RC_FILES = /etc/gtk/gtkrc:/home/pr1usf0x/.gtkrc:/home/pr1usf0x/.config/gtkrc
# environment
VSCODE_CRASH_REPORTER_PROCESS_TYPE = extensionHost
# environment
VSCODE_CWD = /home/pr1usf0x
# default
MAKE_COMMAND := make
# automatic
@D = $(patsubst %/,%,$(dir $@))
# makefile (from 'makefile', line 12)
OBJ_DIR = obj
# environment
VSCODE_HANDLES_UNCAUGHT_ERRORS = true
# default
.VARIABLES := 
# environment
PWD = /home/pr1usf0x/Desktop/cproject/My_lang
# automatic
%D = $(patsubst %/,%,$(dir $%))
# environment
MAIL = /var/spool/mail/pr1usf0x
# environment
XDG_DATA_DIRS = /home/pr1usf0x/.local/share/flatpak/exports/share:/var/lib/flatpak/exports/share:/usr/local/share:/usr/share
# environment
OLDPWD = /home/pr1usf0x
# automatic
^D = $(patsubst %/,%,$(dir $^))
# automatic
%F = $(notdir $%)
# environment
VSCODE_CODE_CACHE_PATH = /home/pr1usf0x/.config/Code - OSS/CachedData/cb1933bbc38d329b3595673a600fab5c7368f0a7
# environment
XDG_SESSION_PATH = /org/freedesktop/DisplayManager/Session1
# environment
LANG = en_US.UTF-8
# environment
XAUTHORITY = /run/user/1000/xauth_ERCtUl
# default
.LOADED := 
# default
.INCLUDE_DIRS := /usr/local/include /usr/include
# environment
MEMORY_PRESSURE_WATCH = /sys/fs/cgroup/user.slice/user-1000.slice/user@1000.service/session.slice/plasma-plasmashell.service/memory.pressure
# makefile
MAKEFLAGS = pqrR
# makefile
CURDIR := /home/pr1usf0x/Desktop/cproject/My_lang
# environment
APPLICATION_INSIGHTS_NO_DIAGNOSTIC_CHANNEL = true
# environment
VSCODE_L10N_BUNDLE_LOCATION = 
# environment
ICEAUTHORITY = /run/user/1000/iceauth_OrTyeR
# automatic
*D = $(patsubst %/,%,$(dir $*))
# environment
PAM_KWALLET5_LOGIN = /run/user/1000/kwallet5.socket
# environment
MFLAGS = -pqrR
# default
.SHELLFLAGS := -c
# environment
WAYLAND_DISPLAY = wayland-0
# environment
XDG_CONFIG_DIRS = /home/pr1usf0x/.config/kdedefaults:/etc/xdg
# automatic
+D = $(patsubst %/,%,$(dir $+))
# environment
XDG_SESSION_DESKTOP = KDE
# makefile (from 'makefile', line 1)
MAKEFILE_LIST := makefile
# automatic
@F = $(notdir $@)
# environment
VSCODE_PID = 41454
# environment
XDG_SESSION_TYPE = wayland
# automatic
?D = $(patsubst %/,%,$(dir $?))
# environment
SESSION_MANAGER = local/my-horse-69:@/tmp/.ICE-unix/1282,unix/my-horse-69:/tmp/.ICE-unix/1282
# automatic
*F = $(notdir $*)
# environment
XKB_DEFAULT_MODEL = pc105+inet
# environment
CHROME_DESKTOP = code-oss.desktop
# environment
DBUS_SESSION_BUS_ADDRESS = unix:path=/run/user/1000/bus
# automatic
<D = $(patsubst %/,%,$(dir $<))
# environment
VSCODE_NLS_CONFIG = {"userLocale":"en-us","osLocale":"en-us","resolvedLanguage":"en","defaultMessagesFile":"/usr/lib/code/out/nls.messages.json","locale":"en-us","availableLanguages":{}}
# environment
XKB_DEFAULT_OPTIONS = terminate:ctrl_alt_bksp
# default
MAKE_HOST := x86_64-pc-linux-gnu
# makefile
SHELL = /bin/sh
# default
MAKECMDGOALS := all
# makefile (from 'makefile', line 18)
HEADERS = $(wildcard $(SOURCE_DIR)/*.h)
# environment
SHLVL = 0
# environment
MAKELEVEL := 0
# default
MAKE = $(MAKE_COMMAND)
# environment
PATH = /usr/local/sbin:/usr/local/bin:/usr/bin:/usr/lib/jvm/default/bin:/usr/bin/site_perl:/usr/bin/vendor_perl:/usr/bin/core_perl
# default
MAKEFILES := 
# environment
MOTD_SHOWN = pam
# automatic
^F = $(notdir $^)
# environment
INVOCATION_ID = 83bb952d00974dd0a6178cb7e70a5ec5
# environment
_JAVA_AWT_WM_NONREPARENTING = 1
# automatic
?F = $(notdir $?)
# environment
KDE_APPLICATIONS_AS_SCOPE = 1
# environment
XDG_SEAT = seat0
# environment
XDG_CURRENT_DESKTOP = KDE
# automatic
+F = $(notdir $+)
# environment
XDG_SEAT_PATH = /org/freedesktop/DisplayManager/Seat0
# environment
DESKTOP_SESSION = plasma
# environment
ORIGINAL_XDG_CURRENT_DESKTOP = KDE
# makefile (from 'makefile', line 15)
OBJECTS := obj/ast_main.o obj/common/tools.o obj/common/my_string.o obj/common/murmurhash.o obj/state_machine_generator/state_machine_functions.o
# 'override' directive
GNUMAKEFLAGS := 
# environment
LOGNAME = pr1usf0x
# makefile (from 'makefile', line 13)
SOURCE_DIR = src
# environment
XDG_VTNR = 1
# makefile
.DEFAULT_GOAL := ast.out
# environment
SYSTEMD_EXEC_PID = 1318
# environment
DISPLAY = :1
# environment
USER = pr1usf0x
# default
MAKE_VERSION := 4.4.1
# environment
 
KDE_SESSION_UID = 1000
# environment
MANAGERPID = 1069
# environment
DEBUGINFOD_URLS = https://debuginfod.archlinux.org 
# environment
XKB_DEFAULT_LAYOUT = us
# environment
_ = /usr/bin/make
# environment
XDG_RUNTIME_DIR = /run/user/1000
# makefile (from 'makefile', line 26)
CFLAGS = -D NDEBUG -ggdb3 -std=c++17 -O2 -Wall -Wextra -Weffc++ -Waggressive-loop-optimizations -Wc++14-compat -Wmissing-declarations -Wcast-align -Wcast-qual -Wchar-subscripts -Wconditionally-supported -Wconversion -Wctor-dtor-privacy -Wempty-body -Wfloat-equal -Wformat-nonliteral -Wformat-security -Wformat-signedness -Wformat=2 -Winline -Wlogical-op -Wnon-virtual-dtor -Wopenmp-simd -Woverloaded-virtual -Wpacked -Wpointer-arith -Winit-self -Wredundant-decls -Wshadow -Wsign-conversion -Wsign-promo -Wstrict-null-sentinel -Wstrict-overflow=2 -Wsuggest-attribute=noreturn -Wsuggest-final-methods -Wsuggest-final-types -Wsuggest-override -Wswitch-default -Wswitch-enum -Wsync-nand -Wundef -Wunreachable-code -Wunused -Wuseless-cast -Wvariadic-macros -Wno-literal-suffix -Wno-missing-field-initializers -Wno-narrowing -Wno-old-style-cast -Wno-varargs -Wstack-protector -fcheck-new -fsized-deallocation -fstack-protector -fstrict-overflow -flto-odr-type-merging -fno-omit-frame-pointer -pie -fPIE -Werror=vla -fsanitize=address,alignment,bool,bounds,enum,float-cast-overflow,float-divide-by-zero,integer-divide-by-zero,leak,nonnull-attribute,null,object-size,return,returns-nonnull-attribute,shift,signed-integer-overflow,undefined,unreachable,vla-bound,vptr -I$(SOURCE_DIR) -I$(SOURCE_DIR)/recursive_decent -I$(SOURCE_DIR)/common -I$(SOURCE_DIR)/tree -I$(SOURCE_DIR)/stack -I$(SOURCE_DIR)/state_machine_generator -lm
# environment
JOURNAL_STREAM = 9:15823
# environment
XDG_SESSION_CLASS = user
# environment
GTK2_RC_FILES = /etc/gtk-2.0/gtkrc:/home/pr1usf0x/.gtkrc-2.0:/home/pr1usf0x/.config/gtkrc-2.0
# environment
HOME = /home/pr1usf0x
# environment
ELECTRON_RUN_AS_NODE = 1
# environment
VSCODE_IPC_HOOK = /run/user/1000/vscode-06ac6c6a-1.10-main.sock
# environment
XDG_SESSION_ID = 2
# default
.RECIPEPREFIX := 
# automatic
<F = $(notdir $<)
# default
SUFFIXES := 
# makefile (from 'makefile', line 20)
TARGET = ast.out
# environment
VSCODE_CLI = 1
# environment
ELECTRON_NO_ATTACH_CONSOLE = 1
# environment
MANAGERPIDFDID = 1070
# environment
KDE_SESSION_VERSION = 6
# default
.FEATURES := target-specific order-only second-expansion else-if shortest-stem undefine oneshell nocomment grouped-target extra-prereqs notintermediate shell-export archives jobserver jobserver-fifo output-sync check-symlink guile load
# makefile (from 'makefile', line 22)
CC = gcc 
# makefile (from 'makefile', line 16)
SOURCES := src/ast_main.cpp src/common/tools.cpp src/common/my_string.cpp src/common/murmurhash.cpp src/state_machine_generator/state_machine_functions.cpp
# environment
KDE_FULL_SESSION = true
# environment
XDG_MENU_PREFIX = plasma-
# environment
VSCODE_ESM_ENTRYPOINT = vs/workbench/api/node/extensionHostProcess
# environment
QT_WAYLAND_RECONNECT = 1
# variable set hash-table stats:
# Load=111/1024=11%, Rehash=0, Collisions=4/167=2%

# Pattern-specific Variable Values

# No pattern-specific variable values.

# Directories

# src (device 66307, inode 23726994): 8 files, no impossibilities.
# . (device 66307, inode 23725660): 8 files, no impossibilities.

# 16 files, no impossibilities in 2 directories.

# Implicit Rules

obj/%.o: src/%.cpp
#  recipe to execute (from 'makefile', line 29):
	@mkdir -p $(dir $@)
	@mkdir -p logs
	@echo "Compiling" $<
	@$(CC) $(CFLAGS) -c $< -o $@ 	
	@echo "Compiled Successfully" $<

# 1 implicit rules, 0 (0.0%) terminal.
# Files

# Not a target:
obj/state_machine_generator/state_machine_functions.o:
#  Implicit rule search has not been done.
#  Modification time never checked.
#  File has not been updated.

clean:
#  Implicit rule search has not been done.
#  Modification time never checked.
#  File has not been updated.
#  recipe to execute (from 'makefile', line 50):
	@rm -rf $(OBJ_DIR)
	@rm -f $(TARGET)
	@rm -rf logs
	@echo "Cleaned Successfully"

# Not a target:
.DEFAULT:
#  Implicit rule search has not been done.
#  Modification time never checked.
#  File has not been updated.

# Not a target:
obj/common/tools.o:
#  Implicit rule search has not been done.
#  Modification time never checked.
#  File has not been updated.

all: ast.out
#  Command line target.
#  Implicit rule search has been done.
#  File does not exist.
#  File has been updated.
#  Needs to be updated (-q is set).
# variable set hash-table stats:
# Load=0/32=0%, Rehash=0, Collisions=0/11=0%

# Not a target:
obj/common/murmurhash.o:
#  Implicit rule search has not been done.
#  Modification time never checked.
#  File has not been updated.

test:
#  Implicit rule search has not been done.
#  Modification time never checked.
#  File has not been updated.
#  recipe to execute (from 'makefile', line 41):
	@./list_sester.out

# Not a target:
obj/common/my_string.o:
#  Implicit rule search has not been done.
#  Modification time never checked.
#  File has not been updated.

logclean:
#  Implicit rule search has not been done.
#  Modification time never checked.
#  File has not been updated.
#  recipe to execute (from 'makefile', line 46):
	@rm -rf logs/*
	@echo "Cleaned Logs Successfully"

# Not a target:
makefile:
#  Implicit rule search has been done.
#  File is secondary (prerequisite of .SECONDARY).
#  Last modified 2025-12-07 13:48:43.800789295
#  File has been updated.
#  Successfully updated.

obj/ast_main.o: src/ast_main.cpp
#  Implicit rule search has been done.
#  Implicit/static pattern stem: 'ast_main'
#  File does not exist.
#  File has been updated.
#  Needs to be updated (-q is set).
# automatic
# @ := obj/ast_main.o
# automatic
# * := ast_main
# automatic
# < := src/ast_main.cpp
# automatic
 
# + := src/ast_main.cpp
# automatic
# % := 
# automatic
# ^ := src/ast_main.cpp
# automatic
# ? := src/ast_main.cpp
# automatic
# | := 
# variable set hash-table stats:
# Load=8/32=25%, Rehash=0, Collisions=2/24=8%
#  recipe to execute (from 'makefile', line 29):
	@mkdir -p $(dir $@)
	@mkdir -p logs
	@echo "Compiling" $<
	@$(CC) $(CFLAGS) -c $< -o $@ 	
	@echo "Compiled Successfully" $<

# Not a target:
src/ast_main.cpp:
#  Implicit rule search has been done.
#  File is secondary (prerequisite of .SECONDARY).
#  Last modified 2025-12-07 11:22:31.728679937
#  File has been updated.
#  Successfully updated.

ast.out: obj/ast_main.o obj/common/tools.o obj/common/my_string.o obj/common/murmurhash.o obj/state_machine_generator/state_machine_functions.o
#  Implicit rule search has not been done.
#  File does not exist.
#  File has been updated.
#  Needs to be updated (-q is set).
# variable set hash-table stats:
# Load=0/32=0%, Rehash=0, Collisions=0/11=0%
#  recipe to execute (from 'makefile', line 36):
	@echo "Linking..."
	@$(CC) $(CFLAGS) $^ -o $@
	@echo "Linked Successfully"

# files hash-table stats:
# Load=14/1024=1%, Rehash=0, Collisions=0/35=0%
# VPATH Search Paths

# No 'vpath' search paths.

# No general ('VPATH' variable) search path.

# strcache buffers: 1 (0) / strings = 33 / storage = 401 B / avg = 12 B
# current buf: size = 8162 B / used = 401 B / count = 33 / avg = 12 B

# strcache performance: lookups = 47 / hit rate = 29%
# hash-table stats:
# Load=33/8192=0%, Rehash=0, Collisions=0/47=0%
# Finished Make data base on Sun Dec  7 13:50:21 2025

 
